╭─────────────────────╮╭───────────────────╮╭────────────────────╮╭────────────────╮╭───────────────────────────╮╭─────────╮╭─────────╮                                                                 
│ ComponentDefinition ││ AssessmentResults ││ SystemSecurityPlan ││ AssessmentPlan ││ PlanOfActionAndMilestones ││ Catalog ││ Profile │                                                                 
┘                     └┴───────────────────┴┴────────────────────┴┴────────────────┴┴───────────────────────────┴┴─────────┴┴─────────┴─────────────────────────────────────────────────────────────────
                                                                                                                                                ↑/k move up • ↓/j move down • / filter • ? toggle help
                      ╭────────────────────────────────────────╮                    ╭────────────────────────────────────────╮                                                                        
   Selected Component │Component A - 7c02500a-6e33-44e0-82ee-f…│ Selected Framework │https://raw.githubusercontent.com/usnis…│                                                                        
                      ╰────────────────────────────────────────╯                    ╰────────────────────────────────────────╯                                                                        
  ╭───────────────╮                               ╭─────────╮                                                                                                                                         
  │ Controls List ├─────────────────────────────╮ │ Remarks ├─────────────────────────────────────────────────────────────────────────────────────────────────────────────────────────────────────╮   
  ╰───────────────╯                               ╰─────────╯                                                                                                                                         
   │                                            │  │ STATEMENT:                                                                                                                                   │   
   │   3 items                                  │  │ The organization:a. Develops, documents, and disseminates to [Assignment: organization-defined organization-defined personnel or roles]:     │   
   │                                            │  │     1. An access control policy that addresses purpose, scope, roles, responsibilities, management commitment, coordination among            │   
   │ │ ac-1                                     │  │ organizational entities, and compliance; and                                                                                                 │   
   │ │ 67dd59c4-0340-4aed-a49d-002815b50157     │  │     2. Procedures to facilitate the implementation of the access control policy and associated access controls; and                          │   
   │                                            │  │ b. Reviews and updates the current:                                                                                                          │   
   │   ac-2                                     │  │     1. Access control policy [Assignment: organization-defined organization-defined frequency]; and                                          │   
   │   663e7c26-3bfe-4c71-b423-10d8338d5445     │  │     2. Access control procedures [Assignment: organization-defined organization-defined frequency].                                          │   
   │                                            │  │                                                                                                                                              │   
   │   ac-3                                     │  ╰──────────────────────────────────────────────────────────────────────────────────────────────────────────────────────────────────────────────╯   
   │   07e1e996-5ae7-4b0b-b4c0-01f35729e442     │ ╭─────────────╮                                                                                                                                     
   │                                            │ │ Description ├─────────────────────────────────────────────────────────────────────────────────────────────────────────────────────────────────╮   
   │                                            │ ╰─────────────╯                                                                                                                                     
   │                                            │  │ <how the specified control may be implemented if the containing component or capability is instantiated in a system security plan>           │   
   │                                            │  │                                                                                                                                              │   
   │                                            │  │                                                                                                                                              │   
   │                                            │  │                                                                                                                                              │   
   │                                            │  │                                                                                                                                              │   
   │                                            │  │                                                                                                                                              │   
   │                                            │  │                                                                                                                                              │   
   │                                            │  │                                                                                                                                              │   
   │                                            │  │                                                                                                                                              │   
   │                                            │  ╰──────────────────────────────────────────────────────────────────────────────────────────────────────────────────────────────────────────────╯   
   │                                            │ ╭─────────────╮                                                                                                                                     
   │                                            │ │ Validations ├─────────────────────────────────────────────────────────────────────────────────────────────────────────────────────────────────╮   
   │                                            │ ╰─────────────╯                                                                                                                                     
   │                                            │  │                                                                                                                                              │   
   │                                            │  │   No items                                                                                                                                   │   
   │                                            │  │                                                                                                                                              │   
   │                                            │  │ No items.                                                                                                                                    │   
   │                                            │  │                                                                                                                                              │   
   │                                            │  │                                                                                                                                              │   
   │                                            │  │                                                                                                                                              │   
   │                                            │  │                                                                                                                                              │   
   │                                            │  │                                                                                                                                              │   
   │                                            │  │                                                                                                                                              │   
   │                                            │  │                                                                                                                                              │   
   │                                            │  │                                                                                                                                              │   
   │                                            │  │                                                                                                                                              │   
   │                                            │  │                                                                                                                                              │   
   │                                            │  │                                                                                                                                              │   
   │                                            │  │                                                                                                                                              │   
   │                                            │  │                                                                                                                                              │   
   │                                            │  │                                                                                                                                              │   
   │                                            │  │                                                                                                                                              │   
   │                                            │  │                                                                                                                                              │   
   │                                            │  │                                                                                                                                              │   
   │                                            │  │                                                                                                                                              │   
   ╰────────────────────────────────────────────╯  ╰──────────────────────────────────────────────────────────────────────────────────────────────────────────────────────────────────────────────╯   