domain:
  type: kubernetes
  kubernetes-spec:
    resources:
      - name: podvt
        resource-rule:
          name: foo
          version: v1
          resource: pods
          namespaces: [validation-test]
provider:
  type: opa
  opa-spec:
    rego: |
      package validate
      import rego.v1

      # Default values
      default validate := false
      default msg := "Not evaluated"

      # Validation result
      validate if {
        { "one", "two", "three" } == { "one", "two", "three" }
        "this-should-be-overridden" == "my-env-var"
        "env-secret" == "********"
      }
      msg = validate.msg

      value_of_my_secret := env-secret