╔════════════════════════════════════════════════════════════════════════════════════════════════════╗
║                                                                                                    ║
║ Run Validations?                                                                                   ║
║                                                                                                    ║
║ 🔍 Validate Component Definition on Target: rev4                                                   ║
║                                                                                                    ║
║ • Found 6 Implemented Requirements                                                                 ║
║ • Found 2 runnable Lula Validations                                                                ║
║                                                                                                    ║
║                                                                                                    ║
║                                                                                                    ║
║                                                                                                    ║
║                                                                                                    ║
║                                                                                                    ║
║                                                                                                    ║
║                                                                                                    ║
║                                                                                                    ║
║                                                                                                    ║
║                                                                                                    ║
║                                                                                                    ║
║ ↳ confirm • esc cancel                                                                             ║
╚════════════════════════════════════════════════════════════════════════════════════════════════════╝