                                                                                                            e edit • ctrl+s save • ←/h, →/l navigation • tab/shift+tab switch models • ? toggle help
                    ╭────────────────────────────────────────╮                    ╭────────────────────────────────────────╮                                                                        
 Selected Component │lula - A9D5204C-7E5B-4C43-BD49-34DF759B…│ Selected Framework │https://github.com/defenseunicorns/lula │                                                                        
                    ╰────────────────────────────────────────╯                    ╰────────────────────────────────────────╯                                                                        
╭───────────────╮                               ╭─────────╮                                                                                                                                         
│ Controls List ├─────────────────────────────╮ │ Remarks ├─────────────────────────────────────────────────────────────────────────────────────────────────────────────────────────────────────╮   
╰───────────────╯                               ╰─────────╯                                                                                                                                         
 │                                            │  │ Here are some remarks about this control.                                                                                                    │   
 │   1 item                                   │  │ test                                                                                                                                         │   
 │                                            │  │                                                                                                                                              │   
 │ │ ID-1                                     │  │                                                                                                                                              │   
 │ │ 42C2FFDC-5F05-44DF-A67F-EEC8660AEFFD     │  │                                                                                                                                              │   
 │                                            │  │                                                                                                                                              │   
 │                                            │  │                                                                                                                                              │   
 │                                            │  │                                                                                                                                              │   
 │                                            │  │                                                                                                                                              │   
 │                                            │  ╰──────────────────────────────────────────────────────────────────────────────────────────────────────────────────────────────────────────────╯   
 │                                            │ ╭─────────────╮                                                                                                                                     
 │                                            │ │ Description ├─────────────────────────────────────────────────────────────────────────────────────────────────────────────────────────────────╮   
 │                                            │ ╰─────────────╯                                                                                                                                     
 │                                            │  │ Lorem ipsum dolor sit amet, consectetur adipiscing elit, sed do eiusmod tempor incididunt ut labore et dolore magna aliqua. Ut enim ad minim │   
 │                                            │  │ veniam,  quis nostrud exercitation ullamco laboris nisi ut aliquip ex ea commodo consequat. Duis aute irure dolor in reprehenderit in        │   
 │                                            │  │ voluptate velit esse cillum  dolore eu fugiat nulla pariatur. Excepteur sint occaecat cupidatat non proident, sunt in culpa qui officia      │   
 │                                            │  │ deserunt mollit anim id est laborum.                                                                                                         │   
 │                                            │  │                                                                                                                                              │   
 │                                            │  │                                                                                                                                              │   
 │                                            │  │                                                                                                                                              │   
 │                                            │  │                                                                                                                                              │   
 │                                            │  │                                                                                                                                              │   
 │                                            │  ╰──────────────────────────────────────────────────────────────────────────────────────────────────────────────────────────────────────────────╯   
 │                                            │ ╭─────────────╮                                                                                                                                     
 │                                            │ │ Validations ├─────────────────────────────────────────────────────────────────────────────────────────────────────────────────────────────────╮   
 │                                            │ ╰─────────────╯                                                                                                                                     
 │                                            │  │                                                                                                                                              │   
 │                                            │  │   1 item                                                                                                                                     │   
 │                                            │  │                                                                                                                                              │   
 │                                            │  │   Validate pods with label foo=bar                                                                                                           │   
 │                                            │  │                                                                                                                                              │   
 │                                            │  │                                                                                                                                              │   
 │                                            │  │                                                                                                                                              │   
 │                                            │  │                                                                                                                                              │   
 │                                            │  │                                                                                                                                              │   
 │                                            │  │                                                                                                                                              │   
 │                                            │  │                                                                                                                                              │   
 │                                            │  │                                                                                                                                              │   
 │                                            │  │                                                                                                                                              │   
 │                                            │  │                                                                                                                                              │   
 │                                            │  │                                                                                                                                              │   
 │                                            │  │                                                                                                                                              │   
 │                                            │  │                                                                                                                                              │   
 │                                            │  │                                                                                                                                              │   
 │                                            │  │                                                                                                                                              │   
 │                                            │  │                                                                                                                                              │   
 │                                            │  │                                                                                                                                              │   
 │                                            │  │                                                                                                                                              │   
 ╰────────────────────────────────────────────╯  ╰──────────────────────────────────────────────────────────────────────────────────────────────────────────────────────────────────────────────╯   