domain:
  type: kubernetes
  kubernetes-spec:
    resources:
      - name: podvt
        resource-rule:
          name: foo
          version: v1
          resource: pods
          namespaces: [validation-test]
provider:
  type: opa
  opa-spec:
    rego: |
      package validate
      import rego.v1

      # Default values
      default validate := false
      default msg := "Not evaluated"

      # Validation result
      validate if {
        { "one", "two", "three" } == { "one", "two", "three" }
        "{{ .var.some_env_var }}" == "my-env-var"
        "{{ .var.some_lula_secret }}" == "********"
      }
      msg = validate.msg

      value_of_my_secret := {{ .var.some_lula_secret }}