                                                                                                                        ↑/k move up • ↓/j move down • / filter • d detail • ↳ select • ? toggle help
                 ╭────────────────────────────────────────╮                ╭────────────────────────────────────────╮                                                                               
 Selected Result │Lula Validation Result, https://github.…│ Compare Result │Lula Validation Result, https://github.…│                                                                               
                 ╰────────────────────────────────────────╯                ╰────────────────────────────────────────╯                                                                               
 Summary: 2 (0/2) Findings - 2 (0/2) Observations | Compared Summary: 2 (2/0) Findings - 2 (2/0) Observations                                                                                       
╭──────────╮                                                                                                                                                                                        
│ Findings ├──────────────────────────────────────────────────────────────────────────────────────────────────────────────────────────────────────────────────────────────────────────────────────╮ 
╰──────────╯                                                                                                                                                                                        
 │ ┏━━━━━━━━━━━━━━━━━━━━━━━━━━━┳━━━━━━━━━━━━━━━━━━━━━━━━━━━┳━━━━━━━━━━━━━━━━━━━━━━━━━━━┳━━━━━━━━━━━━━━━━━━━━━━━━━━━━━━━━━━━━━━━━━━━━━━━━━━━━━━━━━━━━━━━━━━━━━━━━━━━━━━━━━━━━━━━━━━━━━━━━━━━━━━━━┓ │ 
 │ ┃Control                    ┃Status                     ┃Status Change              ┃Description                                                                                             ┃ │ 
 │ ┣━━━━━━━━━━━━━━━━━━━━━━━━━━━╋━━━━━━━━━━━━━━━━━━━━━━━━━━━╋━━━━━━━━━━━━━━━━━━━━━━━━━━━╋━━━━━━━━━━━━━━━━━━━━━━━━━━━━━━━━━━━━━━━━━━━━━━━━━━━━━━━━━━━━━━━━━━━━━━━━━━━━━━━━━━━━━━━━━━━━━━━━━━━━━━━━┫ │ 
 │ ┃ID-1                       ┃not-satisfied              ┃SATISFIED TO NOT SATISFIED ┃Control Implementation: A584FEDC-8CEA-4B0C-9F07-85C2C4AE751A / Implemented Requirement: 42C2FFDC-5F05-4…┃ │ 
 │ ┃ID-2                       ┃not-satisfied              ┃SATISFIED TO NOT SATISFIED ┃Control Implementation: A584FEDC-8CEA-4B0C-9F07-85C2C4AE751A / Implemented Requirement: 86a0e8d9-0ce0-4…┃ │ 
 │ ┣━━━━━━━━━━━━━━━━━━━━━━━━━━━┻━━━━━━━━━━━━━━━━━━━━━━━━━━━┻━━━━━━━━━━━━━━━━━━━━━━━━━━━┻━━━━━━━━━━━━━━━━━━━━━━━━━━━━━━━━━━━━━━━━━━━━━━━━━━━━━━━━━━━━━━━━━━━━━━━━━━━━━━━━━━━━━━━━━━━━━━━━━━━━━━━━┫ │ 
 │ ┃1/1                                                                                                                                                                                         ┃ │ 
 │ ┗━━━━━━━━━━━━━━━━━━━━━━━━━━━━━━━━━━━━━━━━━━━━━━━━━━━━━━━━━━━━━━━━━━━━━━━━━━━━━━━━━━━━━━━━━━━━━━━━━━━━━━━━━━━━━━━━━━━━━━━━━━━━━━━━━━━━━━━━━━━━━━━━━━━━━━━━━━━━━━━━━━━━━━━━━━━━━━━━━━━━━━━━━━━━┛ │ 
 │                                                                                                                                                                                                │ 
 │                                                                                                                                                                                                │ 
 │                                                                                                                                                                                                │ 
 │                                                                                                                                                                                                │ 
 │                                                                                                                                                                                                │ 
 │                                                                                                                                                                                                │ 
 │                                                                                                                                                                                                │ 
 │                                                                                                                                                                                                │ 
 │                                                                                                                                                                                                │ 
 │                                                                                                                                                                                                │ 
 │                                                                                                                                                                                                │ 
 │                                                                                                                                                                                                │ 
 │                                                                                                                                                                                                │ 
 ╰────────────────────────────────────────────────────────────────────────────────────────────────────────────────────────────────────────────────────────────────────────────────────────────────╯ 
╭──────────────╮                                                                                                                                                                                    
│ Observations ├──────────────────────────────────────────────────────────────────────────────────────────────────────────────────────────────────────────────────────────────────────────────────╮ 
╰──────────────╯                                                                                                                                                                                    
 │ ┏━━━━━━━━━━━━━━━━━━━━━━━┳━━━━━━━━━━━━━━━━━━━━━━━┳━━━━━━━━━━━━━━━━━━━━━━━┳━━━━━━━━━━━━━━━━━━━━━━━┳━━━━━━━━━━━━━━━━━━━━━━━━━━━━━━━━━━━━━━━━━━━━━━━━━━━━━━━━━━━━━━━━━━━━━━━━━━━━━━━━━━━━━━━━━━━━┓ │ 
 │ ┃Observation            ┃Status                 ┃Status Change          ┃Controls               ┃Remarks                                                                                     ┃ │ 
 │ ┣━━━━━━━━━━━━━━━━━━━━━━━╋━━━━━━━━━━━━━━━━━━━━━━━╋━━━━━━━━━━━━━━━━━━━━━━━╋━━━━━━━━━━━━━━━━━━━━━━━╋━━━━━━━━━━━━━━━━━━━━━━━━━━━━━━━━━━━━━━━━━━━━━━━━━━━━━━━━━━━━━━━━━━━━━━━━━━━━━━━━━━━━━━━━━━━━┫ │ 
 │ ┃lula-validation-1      ┃not-satisfied          ┃SATISFIED TO NOT SATIS…┃ID-1                   ┃validate.msg: Pod label foo is NOT bar                                                      ┃ │ 
 │ ┃lula-validation-2      ┃not-satisfied          ┃SATISFIED TO NOT SATIS…┃ID-2                   ┃                                                                                            ┃ │ 
 │ ┣━━━━━━━━━━━━━━━━━━━━━━━┻━━━━━━━━━━━━━━━━━━━━━━━┻━━━━━━━━━━━━━━━━━━━━━━━┻━━━━━━━━━━━━━━━━━━━━━━━┻━━━━━━━━━━━━━━━━━━━━━━━━━━━━━━━━━━━━━━━━━━━━━━━━━━━━━━━━━━━━━━━━━━━━━━━━━━━━━━━━━━━━━━━━━━━━┫ │ 
 │ ┃1/1                                                                                                                                                                                         ┃ │ 
 │ ┗━━━━━━━━━━━━━━━━━━━━━━━━━━━━━━━━━━━━━━━━━━━━━━━━━━━━━━━━━━━━━━━━━━━━━━━━━━━━━━━━━━━━━━━━━━━━━━━━━━━━━━━━━━━━━━━━━━━━━━━━━━━━━━━━━━━━━━━━━━━━━━━━━━━━━━━━━━━━━━━━━━━━━━━━━━━━━━━━━━━━━━━━━━━━┛ │ 
 │                                                                                                                                                                                                │ 
 │                                                                                                                                                                                                │ 
 │                                                                                                                                                                                                │ 
 │                                                                                                                                                                                                │ 
 │                                                                                                                                                                                                │ 
 │                                                                                                                                                                                                │ 
 │                                                                                                                                                                                                │ 
 │                                                                                                                                                                                                │ 
 │                                                                                                                                                                                                │ 
 │                                                                                                                                                                                                │ 
 │                                                                                                                                                                                                │ 
 │                                                                                                                                                                                                │ 
 │                                                                                                                                                                                                │ 
 ╰────────────────────────────────────────────────────────────────────────────────────────────────────────────────────────────────────────────────────────────────────────────────────────────────╯ 