                                                                                                                        ↑/k move up • ↓/j move down • / filter • d detail • ↳ select • ? toggle help
                 ╭────────────────────────────────────────╮                ╭────────────────────────────────────────╮                                                                               
 Selected Result │Lula Validation Result, https://github.…│ Compare Result │No Result Selected                      │                                                                               
                 ╰────────────────────────────────────────╯                ╰────────────────────────────────────────╯                                                                               
 Summary: 2 (2/0) Findings - 2 (2/0) Observations                                                                                                                                                   
╭──────────╮                                                                                                                                                                                        
│ Findings ├──────────────────────────────────────────────────────────────────────────────────────────────────────────────────────────────────────────────────────────────────────────────────────╮ 
╰──────────╯                                                                                                                                                                                        
 │ ┏━━━━━━━━━━━━━━━━━━━━━━━━━━━━━━━┳━━━━━━━━━━━━━━━━━━━━━━━━━━━━━━━┳━━━━━━━━━━━━━━━━━━━━━━━━━━━━━━━━━━━━━━━━━━━━━━━━━━━━━━━━━━━━━━━━━━━━━━━━━━━━━━━━━━━━━━━━━━━━━━━━━━━━━━━━━━━━━━━━━━━━━━━━━━━━┓ │ 
 │ ┃Control                        ┃Status                         ┃Description                                                                                                                 ┃ │ 
 │ ┣━━━━━━━━━━━━━━━━━━━━━━━━━━━━━━━╋━━━━━━━━━━━━━━━━━━━━━━━━━━━━━━━╋━━━━━━━━━━━━━━━━━━━━━━━━━━━━━━━━━━━━━━━━━━━━━━━━━━━━━━━━━━━━━━━━━━━━━━━━━━━━━━━━━━━━━━━━━━━━━━━━━━━━━━━━━━━━━━━━━━━━━━━━━━━━┫ │ 
 │ ┃ID-1                           ┃satisfied                      ┃Control Implementation: A584FEDC-8CEA-4B0C-9F07-85C2C4AE751A / Implemented Requirement: 42C2FFDC-5F05-44DF-A67F-EEC8660AEFF…┃ │ 
 │ ┃ID-2                           ┃satisfied                      ┃Control Implementation: A584FEDC-8CEA-4B0C-9F07-85C2C4AE751A / Implemented Requirement: 86a0e8d9-0ce0-4304-afe7-4c000001e03…┃ │ 
 │ ┣━━━━━━━━━━━━━━━━━━━━━━━━━━━━━━━┻━━━━━━━━━━━━━━━━━━━━━━━━━━━━━━━┻━━━━━━━━━━━━━━━━━━━━━━━━━━━━━━━━━━━━━━━━━━━━━━━━━━━━━━━━━━━━━━━━━━━━━━━━━━━━━━━━━━━━━━━━━━━━━━━━━━━━━━━━━━━━━━━━━━━━━━━━━━━━┫ │ 
 │ ┃1/1                                                                                                                                                                                         ┃ │ 
 │ ┗━━━━━━━━━━━━━━━━━━━━━━━━━━━━━━━━━━━━━━━━━━━━━━━━━━━━━━━━━━━━━━━━━━━━━━━━━━━━━━━━━━━━━━━━━━━━━━━━━━━━━━━━━━━━━━━━━━━━━━━━━━━━━━━━━━━━━━━━━━━━━━━━━━━━━━━━━━━━━━━━━━━━━━━━━━━━━━━━━━━━━━━━━━━━┛ │ 
 │                                                                                                                                                                                                │ 
 │                                                                                                                                                                                                │ 
 │                                                                                                                                                                                                │ 
 │                                                                                                                                                                                                │ 
 │                                                                                                                                                                                                │ 
 │                                                                                                                                                                                                │ 
 │                                                                                                                                                                                                │ 
 │                                                                                                                                                                                                │ 
 │                                                                                                                                                                                                │ 
 │                                                                                                                                                                                                │ 
 │                                                                                                                                                                                                │ 
 │                                                                                                                                                                                                │ 
 │                                                                                                                                                                                                │ 
 ╰────────────────────────────────────────────────────────────────────────────────────────────────────────────────────────────────────────────────────────────────────────────────────────────────╯ 
╭──────────────╮                                                                                                                                                                                    
│ Observations ├──────────────────────────────────────────────────────────────────────────────────────────────────────────────────────────────────────────────────────────────────────────────────╮ 
╰──────────────╯                                                                                                                                                                                    
 │ ┏━━━━━━━━━━━━━━━━━━━━━━━━━━━┳━━━━━━━━━━━━━━━━━━━━━━━━━━━┳━━━━━━━━━━━━━━━━━━━━━━━━━━━┳━━━━━━━━━━━━━━━━━━━━━━━━━━━━━━━━━━━━━━━━━━━━━━━━━━━━━━━━━━━━━━━━━━━━━━━━━━━━━━━━━━━━━━━━━━━━━━━━━━━━━━━━┓ │ 
 │ ┃Observation                ┃Status                     ┃Controls                   ┃Remarks                                                                                                 ┃ │ 
 │ ┣━━━━━━━━━━━━━━━━━━━━━━━━━━━╋━━━━━━━━━━━━━━━━━━━━━━━━━━━╋━━━━━━━━━━━━━━━━━━━━━━━━━━━╋━━━━━━━━━━━━━━━━━━━━━━━━━━━━━━━━━━━━━━━━━━━━━━━━━━━━━━━━━━━━━━━━━━━━━━━━━━━━━━━━━━━━━━━━━━━━━━━━━━━━━━━━┫ │ 
 │ ┃lula-validation-1          ┃satisfied                  ┃ID-1                       ┃validate.msg: Pod label foo=bar is satisfied                                                            ┃ │ 
 │ ┣━━━━━━━━━━━━━━━━━━━━━━━━━━━┻━━━━━━━━━━━━━━━━━━━━━━━━━━━┻━━━━━━━━━━━━━━━━━━━━━━━━━━━┻━━━━━━━━━━━━━━━━━━━━━━━━━━━━━━━━━━━━━━━━━━━━━━━━━━━━━━━━━━━━━━━━━━━━━━━━━━━━━━━━━━━━━━━━━━━━━━━━━━━━━━━━┫ │ 
 │ ┃1/1                                                                                                                                                                                         ┃ │ 
 │ ┗━━━━━━━━━━━━━━━━━━━━━━━━━━━━━━━━━━━━━━━━━━━━━━━━━━━━━━━━━━━━━━━━━━━━━━━━━━━━━━━━━━━━━━━━━━━━━━━━━━━━━━━━━━━━━━━━━━━━━━━━━━━━━━━━━━━━━━━━━━━━━━━━━━━━━━━━━━━━━━━━━━━━━━━━━━━━━━━━━━━━━━━━━━━━┛ │ 
 │                                                                                                                                                                                                │ 
 │                                                                                                                                                                                                │ 
 │                                                                                                                                                                                                │ 
 │                                                                                                                                                                                                │ 
 │                                                                                                                                                                                                │ 
 │                                                                                                                                                                                                │ 
 │                                                                                                                                                                                                │ 
 │                                                                                                                                                                                                │ 
 │                                                                                                                                                                                                │ 
 │                                                                                                                                                                                                │ 
 │                                                                                                                                                                                                │ 
 │                                                                                                                                                                                                │ 
 │                                                                                                                                                                                                │ 
 │                                                                                                                                                                                                │ 
 ╰────────────────────────────────────────────────────────────────────────────────────────────────────────────────────────────────────────────────────────────────────────────────────────────────╯ 