         ╔════════════════════════════════════════════════════════════════════════════════════════════════════════════════════════════════════════════════════════════════════════════════════╗         
         ║                                                                                                                                                                                    ║         
         ║ Finding: ID-1                                                                                                                                                                      ║         
         ║                                                                                                                                                                                    ║         
         ║ description: |                                                                                                                                                                     ║         
         ║     Control Implementation: A584FEDC-8CEA-4B0C-9F07-85C2C4AE751A / Implemented Requirement: 42C2FFDC-5F05-44DF-A67F-EEC8660AEFFD                                                   ║         
         ║     Lorem ipsum dolor sit amet, consectetur adipiscing elit, sed do eiusmod tempor incididunt ut labore et dolore magna aliqua. Ut enim ad minim veniam,  quis nostrud             ║         
         ║ exercitation ullamco laboris nisi ut aliquip ex ea commodo consequat. Duis aute irure dolor in reprehenderit in voluptate velit esse cillum  dolore eu fugiat nulla pariatur.      ║         
         ║ Excepteur sint occaecat cupidatat non proident, sunt in culpa qui officia deserunt mollit anim id est laborum.                                                                     ║         
         ║ related-observations:                                                                                                                                                              ║         
         ║     - observation-uuid: 32c1b7c8-2e64-4786-b589-2d82587d4157                                                                                                                       ║         
         ║ target:                                                                                                                                                                            ║         
         ║     status:                                                                                                                                                                        ║         
         ║         state: not-satisfied                                                                                                                                                       ║         
         ║     target-id: ID-1                                                                                                                                                                ║         
         ║     type: objective-id                                                                                                                                                             ║         
         ║ title: 'Validation Result - Control: ID-1'                                                                                                                                         ║         
         ║ uuid: 40d4f7a2-a845-4d7a-9501-1368d4cd3c5b                                                                                                                                         ║         
         ║                                                                                                                                                                                    ║         
         ║                                                                                                                                                                                    ║         
         ║                                                                                                                                                                                    ║         
         ║                                                                                                                                                                                    ║         
         ║                                                                                                                                                                                    ║         
         ║                                                                                                                                                                                    ║         
         ║                                                                                                                                                                                    ║         
         ║                                                                                                                                                                                    ║         
         ║                                                                                                                                                                                    ║         
         ║                                                                                                                                                                                    ║         
         ║                                                                                                                                                                                    ║         
         ║                                                                                                                                                                                    ║         
         ║                                                                                                                                                                                    ║         
         ║                                                                                                                                                                                    ║         
         ║                                                                                                                                                                                    ║         
         ║                                                                                                                                                                                    ║         
         ║                                                                                                                                                                                    ║         
         ║                                                                                                                                                                                    ║         
         ║                                                                                                                                                                                    ║         
         ║                                                                                                                                                                                    ║         
         ║                                                                                                                                                                                    ║         
         ║                                                                                                                                                                                    ║         
         ║                                                                                                                                                                                    ║         
         ║                                                                                                                                                                                    ║         
         ║                                                                                                                                                                                    ║         
         ║                                                                                                                                                                                    ║         
         ║                                                                                                                                                                                    ║         
         ║                                                                                                                                                                                    ║         
         ║                                                                                                                                                                                    ║         
         ║                                                                                                                                                                                    ║         
         ║                                                                                                                                                                                    ║         
         ║                                                                                                                                                                                    ║         
         ║                                                                                                                                                                                    ║         
         ║                                                                                                                                                                                    ║         
         ║                                                                                                                                                                                    ║         
         ║                                                                                                                                                                                    ║         
         ║                                                                                                                                                                                    ║         
         ║ ↑/k scroll up • ↓/j scroll down • esc cancel                                                                                                                                       ║         
         ╚════════════════════════════════════════════════════════════════════════════════════════════════════════════════════════════════════════════════════════════════════════════════════╝         