                                                                                                                                   ←/h, →/l navigation • tab/shift+tab switch models • ? toggle help
                 ╭────────────────────────────────────────╮                ╭────────────────────────────────────────╮                                                                               
 Selected Result │Lula Validation Result, https://github.…│ Compare Result │No Result Selected                      │                                                                               
                 ╰────────────────────────────────────────╯                ╰────────────────────────────────────────╯                                                                               
 Summary: 1 (0/1) Findings - 1 (0/1) Observations                                                                                                                                                   
╭──────────╮                                                                                                                                                                                        
│ Findings ├──────────────────────────────────────────────────────────────────────────────────────────────────────────────────────────────────────────────────────────────────────────────────────╮ 
╰──────────╯                                                                                                                                                                                        
 │ ┏━━━━━━━━━━━━━━━━━━━━━━━━━━━━━━━┳━━━━━━━━━━━━━━━━━━━━━━━━━━━━━━━┳━━━━━━━━━━━━━━━━━━━━━━━━━━━━━━━━━━━━━━━━━━━━━━━━━━━━━━━━━━━━━━━━━━━━━━━━━━━━━━━━━━━━━━━━━━━━━━━━━━━━━━━━━━━━━━━━━━━━━━━━━━━━┓ │ 
 │ ┃Control                        ┃Status                         ┃Description                                                                                                                 ┃ │ 
 │ ┣━━━━━━━━━━━━━━━━━━━━━━━━━━━━━━━╋━━━━━━━━━━━━━━━━━━━━━━━━━━━━━━━╋━━━━━━━━━━━━━━━━━━━━━━━━━━━━━━━━━━━━━━━━━━━━━━━━━━━━━━━━━━━━━━━━━━━━━━━━━━━━━━━━━━━━━━━━━━━━━━━━━━━━━━━━━━━━━━━━━━━━━━━━━━━━┫ │ 
 │ ┃ID-1                           ┃not-satisfied                  ┃Control Implementation: A584FEDC-8CEA-4B0C-9F07-85C2C4AE751A / Implemented Requirement: 42C2FFDC-5F05-44DF-A67F-EEC8660AEFF…┃ │ 
 │ ┣━━━━━━━━━━━━━━━━━━━━━━━━━━━━━━━┻━━━━━━━━━━━━━━━━━━━━━━━━━━━━━━━┻━━━━━━━━━━━━━━━━━━━━━━━━━━━━━━━━━━━━━━━━━━━━━━━━━━━━━━━━━━━━━━━━━━━━━━━━━━━━━━━━━━━━━━━━━━━━━━━━━━━━━━━━━━━━━━━━━━━━━━━━━━━━┫ │ 
 │ ┃1/1                                                                                                                                                                                         ┃ │ 
 │ ┗━━━━━━━━━━━━━━━━━━━━━━━━━━━━━━━━━━━━━━━━━━━━━━━━━━━━━━━━━━━━━━━━━━━━━━━━━━━━━━━━━━━━━━━━━━━━━━━━━━━━━━━━━━━━━━━━━━━━━━━━━━━━━━━━━━━━━━━━━━━━━━━━━━━━━━━━━━━━━━━━━━━━━━━━━━━━━━━━━━━━━━━━━━━━┛ │ 
 │                                                                                                                                                                                                │ 
 │                                                                                                                                                                                                │ 
 │                                                                                                                                                                                                │ 
 │                                                                                                                                                                                                │ 
 │                                                                                                                                                                                                │ 
 │                                                                                                                                                                                                │ 
 │                                                                                                                                                                                                │ 
 │                                                                                                                                                                                                │ 
 │                                                                                                                                                                                                │ 
 │                                                                                                                                                                                                │ 
 │                                                                                                                                                                                                │ 
 │                                                                                                                                                                                                │ 
 │                                                                                                                                                                                                │ 
 │                                                                                                                                                                                                │ 
 ╰────────────────────────────────────────────────────────────────────────────────────────────────────────────────────────────────────────────────────────────────────────────────────────────────╯ 
╭──────────────╮                                                                                                                                                                                    
│ Observations ├──────────────────────────────────────────────────────────────────────────────────────────────────────────────────────────────────────────────────────────────────────────────────╮ 
╰──────────────╯                                                                                                                                                                                    
 │ ┏━━━━━━━━━━━━━━━━━━━━━━━━━━━━━━━┳━━━━━━━━━━━━━━━━━━━━━━━━━━━━━━━┳━━━━━━━━━━━━━━━━━━━━━━━━━━━━━━━━━━━━━━━━━━━━━━━━━━━━━━━━━━━━━━━━━━━━━━━━━━━━━━━━━━━━━━━━━━━━━━━━━━━━━━━━━━━━━━━━━━━━━━━━━━━━┓ │ 
 │ ┃Observation                    ┃Status                         ┃Remarks                                                                                                                     ┃ │ 
 │ ┣━━━━━━━━━━━━━━━━━━━━━━━━━━━━━━━╋━━━━━━━━━━━━━━━━━━━━━━━━━━━━━━━╋━━━━━━━━━━━━━━━━━━━━━━━━━━━━━━━━━━━━━━━━━━━━━━━━━━━━━━━━━━━━━━━━━━━━━━━━━━━━━━━━━━━━━━━━━━━━━━━━━━━━━━━━━━━━━━━━━━━━━━━━━━━━┫ │ 
 │ ┃Validate pods with label foo=b…┃not-satisfied                  ┃Error running validation: domain GetResources error: configmaps "configmap-json" not found                                  ┃ │ 
 │ ┣━━━━━━━━━━━━━━━━━━━━━━━━━━━━━━━┻━━━━━━━━━━━━━━━━━━━━━━━━━━━━━━━┻━━━━━━━━━━━━━━━━━━━━━━━━━━━━━━━━━━━━━━━━━━━━━━━━━━━━━━━━━━━━━━━━━━━━━━━━━━━━━━━━━━━━━━━━━━━━━━━━━━━━━━━━━━━━━━━━━━━━━━━━━━━━┫ │ 
 │ ┃1/1                                                                                                                                                                                         ┃ │ 
 │ ┗━━━━━━━━━━━━━━━━━━━━━━━━━━━━━━━━━━━━━━━━━━━━━━━━━━━━━━━━━━━━━━━━━━━━━━━━━━━━━━━━━━━━━━━━━━━━━━━━━━━━━━━━━━━━━━━━━━━━━━━━━━━━━━━━━━━━━━━━━━━━━━━━━━━━━━━━━━━━━━━━━━━━━━━━━━━━━━━━━━━━━━━━━━━━┛ │ 
 │                                                                                                                                                                                                │ 
 │                                                                                                                                                                                                │ 
 │                                                                                                                                                                                                │ 
 │                                                                                                                                                                                                │ 
 │                                                                                                                                                                                                │ 
 │                                                                                                                                                                                                │ 
 │                                                                                                                                                                                                │ 
 │                                                                                                                                                                                                │ 
 │                                                                                                                                                                                                │ 
 │                                                                                                                                                                                                │ 
 │                                                                                                                                                                                                │ 
 │                                                                                                                                                                                                │ 
 │                                                                                                                                                                                                │ 
 │                                                                                                                                                                                                │ 
 ╰────────────────────────────────────────────────────────────────────────────────────────────────────────────────────────────────────────────────────────────────────────────────────────────────╯ 