  â€¢  [96m[96mFetching or reading file ../../unit/common/oscal/valid-multi-component-validations.yaml[0m[0m
  â€¢  [96m[96mFetching or reading file ../../unit/common/oscal/valid-multi-component-validations.yaml[0m[0m
  â€¢  [96m[96mReading OSCAL model from file[0m[0m
  â€¢  [96m[96mReading OSCAL model from file[0m[0m
  â€¢  [96m[96mDetermining OSCAL model type[0m[0m
  â€¢  [96m[96mGenerating report...[0m[0m
  â€¢  [96m[96mGenerating report in YAML format...[0m[0m
  â€¢  [96m[96mcomponentDefinition: title: Component Title control ID mapped: ?[0m[0m
       [96m[96mhttps://raw.githubusercontent.com/usnistgov/oscal-content/main/nist.gov/SP800-53/rev4/yaml/NIST_SP-800-53_rev4_HIGH-baseline-resolved-profile_catalog.yaml[0m[0m
       [96m[96m: 6 ?[0m[0m
       [96m[96mhttps://raw.githubusercontent.com/usnistgov/oscal-content/main/nist.gov/SP800-53/rev5/yaml/NIST_SP-800-53_rev5_HIGH-baseline-resolved-profile_catalog.yaml[0m[0m
       [96m[96m: 6 controlIDFramework: rev4: 6 rev5: 6[0m[0m
  â€¢  [96m[96mDetermining OSCAL model type[0m[0m
  â€¢  [96m[96mSuccessfully processed OSCAL model: component[0m[0m
